// Jest Snapshot v1, https://goo.gl/fbAQLP

exports[`Icon should render to a <span class='???'></span> 1`] = `<span class="nebula-icon nebula-icon-appstore my-icon-class-name"></span>`;
